// Jest Snapshot v1, https://goo.gl/fbAQLP

exports[`Landing snapshot test 1`] = `
<header
  className="masthead"
>
  <div
    className="header-content"
  >
    <div
      className="header-content-inner"
    >
      <h1
        className="text-shadow"
        id="homeHeading"
      >
        Architecture JS
      </h1>
    </div>
  </div>
</header>
`;
